Microchip MPLAB XC8 Compiler V2.32

Linker command line:

--edf=/Applications/microchip/xc8/v2.32/pic/dat/en_msgs.txt -cn \
  -h+dist/default/debug/SPI.X.debug.sym \
  --cmf=dist/default/debug/SPI.X.debug.cmf -z -Q18F8722 -o/tmp/xcOqiRyI1 \
  --defsym=__MPLAB_BUILD=1 -Mdist/default/debug/SPI.X.debug.map -E1 \
  -ver=XC8 Compiler --acfsm=1493 -ASTACK=060h-0EEEh -pstack=STACK \
  -ACODE=00h-01FD3Fh -ACONST=00h-01FD3Fh \
  -ASMALLCONST=01000h-010FFhx493,01FD00h-01FD3Fh \
  -AMEDIUMCONST=01000h-0FFFFh,011000h-01FD3Fh -ACOMRAM=01h-05Fh \
  -AABS1=00h-0EEEh,0F00h-0F5Fh -ABIGRAM=01h-0EEEh,0F00h-0F5Fh \
  -ARAM=060h-0FFh,0100h-01FFhx13,0E00h-0EEEh,0F00h-0F5Fh -ABANK0=060h-0FFh \
  -ABANK1=0100h-01FFh -ABANK2=0200h-02FFh -ABANK3=0300h-03FFh \
  -ABANK4=0400h-04FFh -ABANK5=0500h-05FFh -ABANK6=0600h-06FFh \
  -ABANK7=0700h-07FFh -ABANK8=0800h-08FFh -ABANK9=0900h-09FFh \
  -ABANK10=0A00h-0AFFh -ABANK11=0B00h-0BFFh -ABANK12=0C00h-0CFFh \
  -ABANK13=0D00h-0DFFh -ABANK14=0E00h-0EEEh -ABANK15=0F00h-0F5Fh \
  -ASFR=0F60h-0F9Bh,0F9Dh-0FD3h,0FD5h-0FDAh,0FE0h-0FE2h,0FE8h-0FEAh,0FF0h-0FFBh \
  -ACONFIG=0300000h-030000Dh -AIDLOC=0200000h-0200007h \
  -AEEDATA=0F00000h-0F003FFh -peeprom_data=EEDATA \
  -preset_vec=00h,intcode=08h,intcodelo,powerup,init -pramtop=01000h \
  -psmallconst=SMALLCONST -pmediumconst=MEDIUMCONST -pconst=CONST \
  -AFARRAM=00h-00h \
  -prdata=COMRAM,nvrram=COMRAM,nvbit=COMRAM,rbss=COMRAM,rbit=COMRAM \
  -pfarbss=FARRAM,fardata=FARRAM,nvFARRAM=FARRAM \
  -pintsave_regs=BIGRAM,bigbss=BIGRAM,bigdata=BIGRAM -pbss=RAM \
  -pidata=CODE,irdata=CODE,ibigdata=CODE,ifardata=CODE -prparam=COMRAM \
  /tmp/xcQfhFcwk.o dist/default/debug/SPI.X.debug.o 

Object code version is 3.11

Machine type is 18F8722



                Name                               Link     Load   Length Selector   Space Scale
/tmp/xcQfhFcwk.o
                idloc                            200000   200000        8        0       5
                config                           300000   300000        E        0       4
                init                                  E        E        4        4       0
                reset_vec                             0        0        4        0       0
dist/default/debug/SPI.X.debug.o
                intcode                               8        8        6        4       0
                idloc                            200000   200000        8        0       5
                config                           300000   300000        E        0       4
                temp                                 56       56        1        1       1
                smallconst                         1000     1000       52      800       0
                text20                             11EA     11EA       10      829       0
                text19                             122A     122A        8      829       0
                text18                             1222     1222        8      829       0
                text17                             125A     125A        4      829       0
                text16                             1256     1256        4      829       0
                text15                             1218     1218        A      829       0
                text14                             1052     1052       76      829       0
                text13                             1250     1250        6      829       0
                intcode_body                       120E     120E        A      829       0
                text11                             1134     1134       46      829       0
                text10                             124A     124A        6      829       0
                text9                              1204     1204        A      829       0
                text8                              11FA     11FA        A      829       0
                text7                              117A     117A       2E      829       0
                text6                              1244     1244        6      829       0
                text5                              123E     123E        6      829       0
                text4                              11DA     11DA       10      829       0
                text3                              1238     1238        6      829       0
                text2                              11C2     11C2       18      829       0
                text1                              1232     1232        6      829       0
                text0                              10C8     10C8       6C      829       0
                cstackCOMRAM                          1        1       51        1       1
                bssCOMRAM                            52       52        4        1       1
                cinit                              11A8     11A8       1A      829       0

TOTAL           Name                               Link     Load   Length     Space
        CLASS   STACK          

        CLASS   CODE           
                intcode                               8        8        6         0
                init                                  E        E        4         0
                reset_vec                             0        0        4         0
                text20                             11EA     11EA       10         0
                text19                             122A     122A        8         0
                text18                             1222     1222        8         0
                text17                             125A     125A        4         0
                text16                             1256     1256        4         0
                text15                             1218     1218        A         0
                text14                             1052     1052       76         0
                text13                             1250     1250        6         0
                intcode_body                       120E     120E        A         0
                text11                             1134     1134       46         0
                text10                             124A     124A        6         0
                text9                              1204     1204        A         0
                text8                              11FA     11FA        A         0
                text7                              117A     117A       2E         0
                text6                              1244     1244        6         0
                text5                              123E     123E        6         0
                text4                              11DA     11DA       10         0
                text3                              1238     1238        6         0
                text2                              11C2     11C2       18         0
                text1                              1232     1232        6         0
                text0                              10C8     10C8       6C         0
                cinit                              11A8     11A8       1A         0

        CLASS   CONST          

        CLASS   SMALLCONST     
                smallconst                         1000     1000       52         0

        CLASS   MEDIUMCONST    

        CLASS   COMRAM         
                temp                                 56       56        1         1
                cstackCOMRAM                          1        1       51         1
                bssCOMRAM                            52       52        4         1

        CLASS   ABS1           

        CLASS   BIGRAM         

        CLASS   RAM            

        CLASS   BANK0          

        CLASS   BANK1          

        CLASS   BANK2          

        CLASS   BANK3          

        CLASS   BANK4          

        CLASS   BANK5          

        CLASS   BANK6          

        CLASS   BANK7          

        CLASS   BANK8          

        CLASS   BANK9          

        CLASS   BANK10         

        CLASS   BANK11         

        CLASS   BANK12         

        CLASS   BANK13         

        CLASS   BANK14         

        CLASS   BANK15         

        CLASS   SFR            

        CLASS   CONFIG         
                config                           300000   300000        E         4

        CLASS   IDLOC          
                idloc                            200000   200000        8         5

        CLASS   EEDATA         

        CLASS   FARRAM         



SEGMENTS        Name                           Load    Length   Top    Selector   Space  Class

                reset_vec                      000000  000004  000004         0       0  CODE    
                text14                         001052  00020C  00125E       829       0  CODE    
                cstackCOMRAM                   000001  000056  000057         1       1  COMRAM  
                intcode                        000008  00000A  000012         4       0  CODE    
                smallconst                     001000  000052  001052       800       0  SMALLCON


UNUSED ADDRESS RANGES

        Name                Unused          Largest block    Delta
        BANK0            000060-0000FF               A0
        BANK1            000100-0001FF              100
        BANK10           000A00-000AFF              100
        BANK11           000B00-000BFF              100
        BANK12           000C00-000CFF              100
        BANK13           000D00-000DFF              100
        BANK14           000E00-000EEE               EF
        BANK15           000F00-000F5F               60
        BANK2            000200-0002FF              100
        BANK3            000300-0003FF              100
        BANK4            000400-0004FF              100
        BANK5            000500-0005FF              100
        BANK6            000600-0006FF              100
        BANK7            000700-0007FF              100
        BANK8            000800-0008FF              100
        BANK9            000900-0009FF              100
        BIGRAM           000057-000EEE              E98
                         000F00-000F5F               60
        CODE             000004-000007                4
                         000012-000FFF              FEE
                         00125E-01FD3F            1EAE2
        COMRAM           000057-00005F                9
        CONST            000004-000007                4
                         000012-000FFF              FEE
                         00125E-01FD3F            1EAE2
        EEDATA           F00000-F003FF              400
        MEDIUMCONST      00125E-00FFFF             EDA2
                         011000-01FD3F             ED40
        RAM              000060-000EEE              100
                         000F00-000F5F               60
        SFR              000F60-000F9B               3C
                         000F9D-000FD3               37
                         000FD5-000FDA                6
                         000FE0-000FE2                3
                         000FE8-000FEA                3
                         000FF0-000FFB                C
        SMALLCONST       00125E-01FD3F              100
        STACK            000060-000EEE              E8F

                                  Symbol Table

_BRGH1                            (abs)        007D62
_CREN1                            (abs)        007D5C
_FLAGS                            bssCOMRAM    000054
_GIE                              (abs)        007F97
_INT0IE                           (abs)        007F94
_INT0IF                           (abs)        007F91
_INTEDG0                          (abs)        007F8E
_LATC0                            (abs)        007C58
_PEIE                             (abs)        007F96
_PORTD                            (abs)        000F83
_RC1IE                            (abs)        007CED
_RC1IF                            (abs)        007CF5
_RCREG1                           (abs)        000FAE
_SPBRG                            (abs)        000FAF
_SPEN1                            (abs)        007D5F
_SPIHandle                        text18       001222
_SSP1CON1                         (abs)        000FC6
_SSPBUF                           (abs)        000FC9
_SSPIE                            (abs)        007CEB
_SSPIF                            (abs)        007CF3
_SSPSTAT                          (abs)        000FC7
_SSPSTATbits                      (abs)        000FC7
_SYNC1                            (abs)        007D64
_TRISB0                           (abs)        007C98
_TRISC2                           (abs)        007CA2
_TRISC3                           (abs)        007CA3
_TRISC4                           (abs)        007CA4
_TRISC5                           (abs)        007CA5
_TRISC6                           (abs)        007CA6
_TRISC7                           (abs)        007CA7
_TRISD                            (abs)        000F95
_TXEN1                            (abs)        007D65
_TXREG1                           (abs)        000FAD
__HRAM                            (abs)        000000
__Habs1                           abs1         000000
__Hbank0                          bank0        000000
__Hbank1                          bank1        000000
__Hbank10                         bank10       000000
__Hbank11                         bank11       000000
__Hbank12                         bank12       000000
__Hbank13                         bank13       000000
__Hbank14                         bank14       000000
__Hbank15                         bank15       000000
__Hbank2                          bank2        000000
__Hbank3                          bank3        000000
__Hbank4                          bank4        000000
__Hbank5                          bank5        000000
__Hbank6                          bank6        000000
__Hbank7                          bank7        000000
__Hbank8                          bank8        000000
__Hbank9                          bank9        000000
__Hbigbss                         bigbss       000000
__Hbigdata                        bigdata      000000
__Hbigram                         bigram       000000
__Hbss                            bss          000000
__HbssCOMRAM                      bssCOMRAM    000000
__Hcinit                          cinit        000000
__Hclrtext                        clrtext      000000
__Hcomram                         comram       000000
__Hconfig                         config       30000E
__Hconst                          const        000000
__HcstackCOMRAM                   cstackCOMRAM 000000
__Hdata                           data         000000
__Heeprom_data                    eeprom_data  000000
__Hfarbss                         farbss       000000
__Hfardata                        fardata      000000
__Hibigdata                       ibigdata     000000
__Hidata                          idata        000000
__Hidloc                          idloc        200008
__Hifardata                       ifardata     000000
__Hinit                           init         000012
__Hintcode                        intcode      00000E
__Hintcode_body                   intcode_body 000000
__Hintcodelo                      intcodelo    00000E
__Hintentry                       intentry     000000
__Hintret                         intret       000000
__Hintsave_regs                   intsave_regs 000000
__Hirdata                         irdata       000000
__Hmediumconst                    mediumconst  000000
__HnvFARRAM                       nvFARRAM     000000
__Hnvbit                          nvbit        000000
__Hnvrram                         nvrram       000000
__Hparam                          rparam       000000
__Hpowerup                        powerup      00000E
__Hram                            ram          000000
__Hramtop                         ramtop       001000
__Hrbit                           rbit         000000
__Hrbss                           rbss         000000
__Hrdata                          rdata        000000
__Hreset_vec                      reset_vec    000004
__Hrparam                         rparam       000000
__Hsfr                            sfr          000000
__Hsmallconst                     smallconst   001052
__Hspace_0                        (abs)        00125E
__Hspace_1                        (abs)        000057
__Hspace_2                        (abs)        000000
__Hspace_4                        (abs)        60000E
__Hstack                          stack        000000
__Hstruct                         struct       000000
__Htemp                           temp         000057
__Htext                           text         000000
__Htext0                          text0        000000
__Htext1                          text1        000000
__Htext10                         text10       000000
__Htext11                         text11       000000
__Htext13                         text13       000000
__Htext14                         text14       000000
__Htext15                         text15       000000
__Htext16                         text16       000000
__Htext17                         text17       000000
__Htext18                         text18       000000
__Htext19                         text19       000000
__Htext2                          text2        000000
__Htext20                         text20       000000
__Htext3                          text3        000000
__Htext4                          text4        000000
__Htext5                          text5        000000
__Htext6                          text6        000000
__Htext7                          text7        000000
__Htext8                          text8        000000
__Htext9                          text9        000000
__LRAM                            (abs)        000001
__Labs1                           abs1         000000
__Lbank0                          bank0        000000
__Lbank1                          bank1        000000
__Lbank10                         bank10       000000
__Lbank11                         bank11       000000
__Lbank12                         bank12       000000
__Lbank13                         bank13       000000
__Lbank14                         bank14       000000
__Lbank15                         bank15       000000
__Lbank2                          bank2        000000
__Lbank3                          bank3        000000
__Lbank4                          bank4        000000
__Lbank5                          bank5        000000
__Lbank6                          bank6        000000
__Lbank7                          bank7        000000
__Lbank8                          bank8        000000
__Lbank9                          bank9        000000
__Lbigbss                         bigbss       000000
__Lbigdata                        bigdata      000000
__Lbigram                         bigram       000000
__Lbss                            bss          000000
__LbssCOMRAM                      bssCOMRAM    000000
__Lcinit                          cinit        000000
__Lclrtext                        clrtext      000000
__Lcomram                         comram       000000
__Lconfig                         config       000000
__Lconst                          const        000000
__LcstackCOMRAM                   cstackCOMRAM 000000
__Ldata                           data         000000
__Leeprom_data                    eeprom_data  000000
__Lfarbss                         farbss       000000
__Lfardata                        fardata      000000
__Libigdata                       ibigdata     000000
__Lidata                          idata        000000
__Lidloc                          idloc        000000
__Lifardata                       ifardata     000000
__Linit                           init         00000E
__Lintcode                        intcode      000008
__Lintcode_body                   intcode_body 000000
__Lintcodelo                      intcodelo    00000E
__Lintentry                       intentry     000000
__Lintret                         intret       000000
__Lintsave_regs                   intsave_regs 000000
__Lirdata                         irdata       000000
__Lmediumconst                    mediumconst  000000
__LnvFARRAM                       nvFARRAM     000000
__Lnvbit                          nvbit        000000
__Lnvrram                         nvrram       000000
__Lparam                          rparam       000000
__Lpowerup                        powerup      00000E
__Lram                            ram          000000
__Lramtop                         ramtop       001000
__Lrbit                           rbit         000000
__Lrbss                           rbss         000000
__Lrdata                          rdata        000000
__Lreset_vec                      reset_vec    000000
__Lrparam                         rparam       000000
__Lsfr                            sfr          000000
__Lsmallconst                     smallconst   001000
__Lspace_0                        (abs)        000000
__Lspace_1                        (abs)        000000
__Lspace_2                        (abs)        000000
__Lspace_4                        (abs)        000000
__Lstack                          stack        000000
__Lstruct                         struct       000000
__Ltemp                           temp         000056
__Ltext                           text         000000
__Ltext0                          text0        000000
__Ltext1                          text1        000000
__Ltext10                         text10       000000
__Ltext11                         text11       000000
__Ltext13                         text13       000000
__Ltext14                         text14       000000
__Ltext15                         text15       000000
__Ltext16                         text16       000000
__Ltext17                         text17       000000
__Ltext18                         text18       000000
__Ltext19                         text19       000000
__Ltext2                          text2        000000
__Ltext20                         text20       000000
__Ltext3                          text3        000000
__Ltext4                          text4        000000
__Ltext5                          text5        000000
__Ltext6                          text6        000000
__Ltext7                          text7        000000
__Ltext8                          text8        000000
__Ltext9                          text9        000000
__S0                              (abs)        00125E
__S1                              (abs)        000057
__S2                              (abs)        000000
__S4                              (abs)        000000
__S5                              (abs)        000000
___extmem_base                    (abs)        020000
___inthi_sp                       stack        000000
___intlo_sp                       stack        000000
___param_bank                     (abs)        000000
___rparam_used                    (abs)        000001
___sp                             stack        000000
__accesstop                       (abs)        000060
__activetblptr                    (abs)        000001
__end_of_SPIHandle                text18       00122A
__end_of__initialization          cinit        0011B0
__end_of_buttonCallback           text11       00117A
__end_of_buttonHandle             text17       00125E
__end_of_displayCallback          text10       001250
__end_of_displayRequestHandle     text7        0011A8
__end_of_displaySPI               text9        00120E
__end_of_displaySerial            text8        001204
__end_of_interruptService         text13       001256
__end_of_main                     text0        001134
__end_of_processInterruptService  text14       0010C8
__end_of_readSerial               text16       00125A
__end_of_serialCallback           text6        00124A
__end_of_serialHandle             text15       001222
__end_of_service                  intcode_body 001218
__end_of_setInterrupts            text5        001244
__end_of_setIo                    text4        0011EA
__end_of_setSPIInterrupt          text3        00123E
__end_of_setSerial                text2        0011DA
__end_of_setSwitchInterrput       text1        001238
__end_of_spiRead                  text19       001232
__end_of_spiReceiveWait           text20       0011FA
__end_ofmain@F4611                smallconst   001051
__initialization                  cinit        0011A8
__mediumconst                     mediumconst  000000
__pbssCOMRAM                      bssCOMRAM    000052
__pcinit                          cinit        0011A8
__pcstackCOMRAM                   cstackCOMRAM 000001
__pintcode                        intcode      000008
__pintcode_body                   intcode_body 00120E
__psmallconst                     smallconst   001000
__ptext0                          text0        0010C8
__ptext1                          text1        001232
__ptext10                         text10       00124A
__ptext11                         text11       001134
__ptext13                         text13       001250
__ptext14                         text14       001052
__ptext15                         text15       001218
__ptext16                         text16       001256
__ptext17                         text17       00125A
__ptext18                         text18       001222
__ptext19                         text19       00122A
__ptext2                          text2        0011C2
__ptext20                         text20       0011EA
__ptext3                          text3        001238
__ptext4                          text4        0011DA
__ptext5                          text5        00123E
__ptext6                          text6        001244
__ptext7                          text7        00117A
__ptext8                          text8        0011FA
__ptext9                          text9        001204
__ramtop                          ramtop       001000
__size_of_SPIHandle               (abs)        000000
__size_of_buttonCallback          (abs)        000000
__size_of_buttonHandle            (abs)        000000
__size_of_displayCallback         (abs)        000000
__size_of_displayRequestHandle    (abs)        000000
__size_of_displaySPI              (abs)        000000
__size_of_displaySerial           (abs)        000000
__size_of_interruptService        (abs)        000000
__size_of_main                    (abs)        000000
__size_of_processInterruptService (abs)        000000
__size_of_readSerial              (abs)        000000
__size_of_serialCallback          (abs)        000000
__size_of_serialHandle            (abs)        000000
__size_of_service                 (abs)        000000
__size_of_setInterrupts           (abs)        000000
__size_of_setIo                   (abs)        000000
__size_of_setSPIInterrupt         (abs)        000000
__size_of_setSerial               (abs)        000000
__size_of_setSwitchInterrput      (abs)        000000
__size_of_spiRead                 (abs)        000000
__size_of_spiReceiveWait          (abs)        000000
__smallconst                      smallconst   001000
_buttonCallback                   text11       001134
_buttonHandle                     text17       00125A
_displayCallback                  text10       00124A
_displayRequestHandle             text7        00117A
_displaySPI                       text9        001204
_displaySerial                    text8        0011FA
_interruptService                 text13       001250
_main                             text0        0010C8
_outValue                         bssCOMRAM    000052
_processInterruptService          text14       001052
_readSPIValue                     bssCOMRAM    000055
_readSerial                       text16       001256
_readSerialValue                  bssCOMRAM    000053
_serialCallback                   text6        001244
_serialHandle                     text15       001218
_service                          intcode      000008
_setInterrupts                    text5        00123E
_setIo                            text4        0011DA
_setSPIInterrupt                  text3        001238
_setSerial                        text2        0011C2
_setSwitchInterrput               text1        001232
_spiRead                          text19       00122A
_spiReceiveWait                   text20       0011EA
btemp                             temp         000056
end_of_initialization             cinit        0011B0
int$flags                         temp         000056
int_func                          intcode_body 00120E
intlevel0                         text         000000
intlevel1                         text         000000
intlevel2                         text         000000
intlevel3                         text         000000
isa$std                           (abs)        000001
isa$xinst                         (abs)        000000
main@F4611                        smallconst   001001
main@test                         cstackCOMRAM 000002
stackhi                           (abs)        000EEE
stacklo                           (abs)        000060
start                             init         00000E
start_initialization              cinit        0011A8
ttemp5                            temp         000057
ttemp6                            temp         00005A
ttemp7                            temp         00005E
wtemp8                            temp         000057


MODULE INFORMATION

Module		Function		Class		Link	Load	Size
serial.c
		_setSerial     		CODE           	11C2	0000	24
		_serialCallback		CODE           	1244	0000	6
		_readSerial    		CODE           	1256	0000	4
		_serialHandle  		CODE           	1218	0000	10

serial.c estimated size: 44

button.c
		_buttonHandle  		CODE           	125A	0000	4
		_buttonCallback		CODE           	1134	0000	70

button.c estimated size: 74

newmain.c
		_service       		CODE           	0008	0000	16
		_main          		CODE           	10C8	0000	108

newmain.c estimated size: 124

interruptService.c
		_interruptService		CODE           	1250	0000	6
		_processInterruptService		CODE           	1052	0000	118

interruptService.c estimated size: 124

spi.c
		_setSPIInterrupt		CODE           	1238	0000	6
		_SPIHandle     		CODE           	1222	0000	8
		_spiReceiveWait		CODE           	11EA	0000	16
		_spiRead       		CODE           	122A	0000	8

spi.c estimated size: 38

shared
		__initialization		CODE           	11A8	0000	8
		main@F4611     		SMALLCONST     	1001	0000	80

shared estimated size: 88

display.c
		_displaySPI    		CODE           	1204	0000	10
		_displaySerial 		CODE           	11FA	0000	10
		_displayCallback		CODE           	124A	0000	6
		_displayRequestHandle		CODE           	117A	0000	46

display.c estimated size: 72

init.c
		_setInterrupts 		CODE           	123E	0000	6
		_setIo         		CODE           	11DA	0000	16
		_setSwitchInterrput		CODE           	1232	0000	6

init.c estimated size: 28

